// Vitest Snapshot v1, https://vitest.dev/guide/snapshot.html

exports[`locale snapshot (en, pt, es) > COMMON 1`] = `
{
  "en": {
    "close": "Close",
    "dataConfigOnly": "Configuration only, no site data",
    "dataExport": "OneAquaHealth Resilience Map export",
    "dataPrototype": "Prototype demonstration data",
    "dataSynthetic": "Synthetic demo, structured as a Resilience Map export",
    "disclaimer": "Verdant identifies conditions associated with increased bloom risk. It does not confirm toxin presence or replace field sampling.",
    "englishOnly": "This page is only available in English.",
    "language": "Language",
    "languageLabel": "Language: {name}",
    "moreCitiesFull": "More cities soon",
    "moreCitiesNext": "Next: {cities}",
    "moreCitiesShort": "More cities",
    "navCities": "OAH Cities",
    "navDashboard": "Dashboard",
    "navMain": "Main",
    "navMethodology": "Methodology",
    "navMyReports": "My reports",
    "navQueue": "Report queue",
    "navReport": "Report a Bloom",
    "openNavigation": "Open navigation",
    "region": "Region",
    "reportCta": "Report what you see",
  },
  "es": {
    "close": "Cerrar",
    "dataConfigOnly": "Solo configuración, sin datos del sitio",
    "dataExport": "Exportación de Resilience Map de OneAquaHealth",
    "dataPrototype": "Datos de demostración del prototipo",
    "dataSynthetic": "Demostración sintética, estructurada como una exportación de Resilience Map",
    "disclaimer": "Verdant identifica condiciones asociadas a un mayor riesgo de floración. No confirma la presencia de toxinas ni sustituye el muestreo sobre el terreno.",
    "englishOnly": "Esta página solo está disponible en inglés.",
    "language": "Idioma",
    "languageLabel": "Idioma: {name}",
    "moreCitiesFull": "Más ciudades pronto",
    "moreCitiesNext": "Próximas: {cities}",
    "moreCitiesShort": "Más ciudades",
    "navCities": "Ciudades OAH",
    "navDashboard": "Panel",
    "navMain": "Principal",
    "navMethodology": "Metodología",
    "navMyReports": "Mis avisos",
    "navQueue": "Cola de avisos",
    "navReport": "Avisar de floración",
    "openNavigation": "Abrir navegación",
    "region": "Región",
    "reportCta": "Cuenta lo que ves",
  },
  "pt": {
    "close": "Fechar",
    "dataConfigOnly": "Apenas configuração, sem dados do local",
    "dataExport": "Exportação do Resilience Map da OneAquaHealth",
    "dataPrototype": "Dados de demonstração do protótipo",
    "dataSynthetic": "Demonstração sintética, estruturada como uma exportação do Resilience Map",
    "disclaimer": "O Verdant identifica condições associadas a um maior risco de floração. Não confirma a presença de toxinas nem substitui a amostragem no terreno.",
    "englishOnly": "Esta página só está disponível em inglês.",
    "language": "Idioma",
    "languageLabel": "Idioma: {name}",
    "moreCitiesFull": "Mais cidades em breve",
    "moreCitiesNext": "A seguir: {cities}",
    "moreCitiesShort": "Mais cidades",
    "navCities": "Cidades OAH",
    "navDashboard": "Painel",
    "navMain": "Principal",
    "navMethodology": "Metodologia",
    "navMyReports": "Os meus relatos",
    "navQueue": "Fila de relatos",
    "navReport": "Relatar floração",
    "openNavigation": "Abrir navegação",
    "region": "Região",
    "reportCta": "Relate o que vê",
  },
}
`;

exports[`locale snapshot (en, pt, es) > DASHBOARD 1`] = `
{
  "en": {
    "colAction": "Action",
    "colRank": "Rank",
    "colReports": "Reports",
    "colRisk": "Risk / Trend",
    "colSite": "Site / Leading pathway",
    "dataExport": "Resilience Map export, Coimbra",
    "dataLakeMead": "Prototype demonstration data",
    "dataSynthetic": "Synthetic demo, structured as a Resilience Map export",
    "eoAria": "Monthly NDVI and NDWI means for the Coimbra area, {from} to {to}. NDVI mean {ndvi0} to {ndvi1}, NDWI mean {ndwi0} to {ndwi1}.",
    "eoIntro": "NDVI (vegetation) and NDWI (water) monthly means from the OneAquaHealth Resilience Map. These indices are not chlorophyll or toxin measurements.",
    "eoKey": "monthly mean, shaded min to max",
    "eoMean": "{name} mean",
    "eoRange": "{name} range",
    "eoRangeVal": "{a} to {b}",
    "eoSource": "Source: OneAquaHealth Resilience Map, Earth-observation area summary for Coimbra (row C9 in the citations table). Accessed 2026-10-04.",
    "eoTitle": "Satellite signal: Coimbra area, last 24 months",
    "feedBetween": "Between agency samples",
    "feedBody": "Agencies sample a few points a few times a month. People at the shore see the water every day. Your report goes straight into the score, and the site page shows how many points it adds.",
    "feedCta": "Report what you see",
    "feedEmpty": "No community reports for {name} yet. Reports filed here appear in this list and on the map.",
    "feedIntro": "Observations from people at the shore. Each new report raises that site's citizen evidence by 10 points, capped at 100.",
    "feedNote": "Reports never confirm a bloom. They tell experts where to look.",
    "feedTitle": "Community reports",
    "firstLabel": "Verdant recommendation",
    "firstTarget": "Recommended first sampling target",
    "heroA": "Across the United States, 18 states reported ",
    "heroB": " harmful algal bloom events, ",
    "heroC": " cases of human illness and ",
    "heroD": " cases of animal illness from 2016 to 2018.",
    "heroHeading": "Harmful algal blooms in the United States",
    "heroLink": "See where to sample first",
    "heroNote": "National figure for 18 states. It is not a Lake Mead count.",
    "heroSource": "Source: CDC, MMWR 69(50), Dec 18, 2020",
    "kpiAdd": "Add a report",
    "kpiAttention": "Areas Requiring Attention",
    "kpiFromSite": "From {n} site",
    "kpiFromSites": "From {n} sites",
    "kpiHighOrVery": "High or Very High",
    "kpiHighest": "Highest category at {name}",
    "kpiNoReports": "No reports yet",
    "kpiNoSites": "No sites",
    "kpiReports": "Citizen reports",
    "kpiStatus": "Region status",
    "kpiTop": "Highest-risk site",
    "listSub": "Ranked by site score, highest first.",
    "listTitle": "Sampling priority list",
    "mapBasemap": "Basemap",
    "mapCommunity": "Community report",
    "mapCommunityToggle": "Community reports ({n})",
    "mapLeading": "Leading pathway: ",
    "mapMarkerTitle": "{name}, risk {score}, {category}",
    "mapPinTitle": "Community report at {name}",
    "mapStyleMap": "Map",
    "mapStyleSatellite": "Satellite",
    "mapViewAnalysis": "View analysis",
    "mapViewSite": "View site",
    "officialLabel": "Lake Mead elevation: ",
    "officialSource": "Source: U.S. Bureau of Reclamation, Lower Colorado River Operations. Accessed {date}.",
    "officialTag": "Official data",
    "reportsSr": "Reports: ",
    "subtitle": "Scores combine satellite signals, environmental data and shore reports.",
    "title": "Where to sample first at {name}",
  },
  "es": {
    "colAction": "Acción",
    "colRank": "Puesto",
    "colReports": "Avisos",
    "colRisk": "Riesgo / Tendencia",
    "colSite": "Sitio / Vía dominante",
    "dataExport": "Exportación del Resilience Map, Coimbra",
    "dataLakeMead": "Datos de demostración del prototipo",
    "dataSynthetic": "Demostración sintética, estructurada como una exportación del Resilience Map",
    "eoAria": "Medias mensuales de NDVI y NDWI para la zona de Coimbra, de {from} a {to}. Media de NDVI de {ndvi0} a {ndvi1}, media de NDWI de {ndwi0} a {ndwi1}.",
    "eoIntro": "Medias mensuales de NDVI (vegetación) y NDWI (agua) del OneAquaHealth Resilience Map. Estos índices no son mediciones de clorofila ni de toxinas.",
    "eoKey": "media mensual, sombreado de mín. a máx.",
    "eoMean": "Media de {name}",
    "eoRange": "Rango de {name}",
    "eoRangeVal": "{a} a {b}",
    "eoSource": "Fuente: OneAquaHealth Resilience Map, resumen de observación de la Tierra para Coimbra (fila C9 de la tabla de citas). Consultado el 2026-10-04.",
    "eoTitle": "Señal de satélite: zona de Coimbra, últimos 24 meses",
    "feedBetween": "Entre las muestras de las agencias",
    "feedBody": "Las agencias toman muestras en pocos puntos, pocas veces al mes. Las personas en la orilla ven el agua todos los días. Tu aviso entra directamente en la puntuación, y la página del sitio muestra cuántos puntos suma.",
    "feedCta": "Cuenta lo que ves",
    "feedEmpty": "Aún no hay avisos ciudadanos para {name}. Los avisos enviados aquí aparecen en esta lista y en el mapa.",
    "feedIntro": "Observaciones de personas en la orilla. Cada aviso nuevo suma 10 puntos a la evidencia ciudadana de ese sitio, hasta un máximo de 100.",
    "feedNote": "Los avisos nunca confirman una floración. Indican a los expertos dónde mirar.",
    "feedTitle": "Avisos ciudadanos",
    "firstLabel": "Recomendación de Verdant",
    "firstTarget": "Primer objetivo de muestreo recomendado",
    "heroA": "En todo Estados Unidos, 18 estados notificaron ",
    "heroB": " eventos de floración nociva de algas, ",
    "heroC": " casos de enfermedad en personas y ",
    "heroD": " casos de enfermedad en animales entre 2016 y 2018.",
    "heroHeading": "Floraciones nocivas de algas en Estados Unidos",
    "heroLink": "Ver dónde muestrear primero",
    "heroNote": "Cifra nacional de 18 estados. No es un recuento del Lake Mead.",
    "heroSource": "Fuente: CDC, MMWR 69(50), 18 dic 2020",
    "kpiAdd": "Añadir un aviso",
    "kpiAttention": "Zonas que requieren atención",
    "kpiFromSite": "De {n} sitio",
    "kpiFromSites": "De {n} sitios",
    "kpiHighOrVery": "Alto o Muy alto",
    "kpiHighest": "Categoría más alta en {name}",
    "kpiNoReports": "Aún no hay avisos",
    "kpiNoSites": "Sin sitios",
    "kpiReports": "Avisos ciudadanos",
    "kpiStatus": "Estado de la región",
    "kpiTop": "Sitio de mayor riesgo",
    "listSub": "Ordenada por puntuación del sitio, de la más alta a la más baja.",
    "listTitle": "Lista de prioridad de muestreo",
    "mapBasemap": "Mapa base",
    "mapCommunity": "Aviso ciudadano",
    "mapCommunityToggle": "Avisos ciudadanos ({n})",
    "mapLeading": "Vía dominante: ",
    "mapMarkerTitle": "{name}, riesgo {score}, {category}",
    "mapPinTitle": "Aviso ciudadano en {name}",
    "mapStyleMap": "Mapa",
    "mapStyleSatellite": "Satélite",
    "mapViewAnalysis": "Ver análisis",
    "mapViewSite": "Ver sitio",
    "officialLabel": "Cota del Lake Mead: ",
    "officialSource": "Fuente: U.S. Bureau of Reclamation, Lower Colorado River Operations. Consultado el {date}.",
    "officialTag": "Datos oficiales",
    "reportsSr": "Avisos: ",
    "subtitle": "Las puntuaciones combinan señales de satélite, datos ambientales y avisos desde la orilla.",
    "title": "Dónde muestrear primero en {name}",
  },
  "pt": {
    "colAction": "Ação",
    "colRank": "Posição",
    "colReports": "Relatos",
    "colRisk": "Risco / Tendência",
    "colSite": "Local / Via dominante",
    "dataExport": "Exportação do Resilience Map, Coimbra",
    "dataLakeMead": "Dados de demonstração do protótipo",
    "dataSynthetic": "Demonstração sintética, estruturada como uma exportação do Resilience Map",
    "eoAria": "Médias mensais de NDVI e NDWI para a zona de Coimbra, de {from} a {to}. Média de NDVI de {ndvi0} a {ndvi1}, média de NDWI de {ndwi0} a {ndwi1}.",
    "eoIntro": "Médias mensais de NDVI (vegetação) e NDWI (água) do OneAquaHealth Resilience Map. Estes índices não são medições de clorofila nem de toxinas.",
    "eoKey": "média mensal, sombreado de mín. a máx.",
    "eoMean": "Média de {name}",
    "eoRange": "Intervalo de {name}",
    "eoRangeVal": "{a} a {b}",
    "eoSource": "Fonte: OneAquaHealth Resilience Map, resumo de observação da Terra para Coimbra (linha C9 na tabela de citações). Consultado em 2026-10-04.",
    "eoTitle": "Sinal de satélite: zona de Coimbra, últimos 24 meses",
    "feedBetween": "Entre as amostras das entidades oficiais",
    "feedBody": "As entidades oficiais recolhem amostras em poucos pontos, poucas vezes por mês. As pessoas na margem veem a água todos os dias. O seu relato entra diretamente na pontuação, e a página do local mostra quantos pontos acrescenta.",
    "feedCta": "Relate o que vê",
    "feedEmpty": "Ainda não há relatos da comunidade para {name}. Os relatos feitos aqui aparecem nesta lista e no mapa.",
    "feedIntro": "Observações de pessoas na margem. Cada novo relato aumenta em 10 pontos a evidência cidadã desse local, até um máximo de 100.",
    "feedNote": "Os relatos nunca confirmam uma floração. Indicam aos especialistas onde olhar.",
    "feedTitle": "Relatos da comunidade",
    "firstLabel": "Recomendação do Verdant",
    "firstTarget": "Primeiro alvo de amostragem recomendado",
    "heroA": "Em todos os Estados Unidos, 18 estados registaram ",
    "heroB": " eventos de floração nociva de algas, ",
    "heroC": " casos de doença em humanos e ",
    "heroD": " casos de doença em animais entre 2016 e 2018.",
    "heroHeading": "Florações nocivas de algas nos Estados Unidos",
    "heroLink": "Ver onde amostrar primeiro",
    "heroNote": "Valor nacional para 18 estados. Não é uma contagem do Lake Mead.",
    "heroSource": "Fonte: CDC, MMWR 69(50), 18 dez 2020",
    "kpiAdd": "Adicionar um relato",
    "kpiAttention": "Zonas que requerem atenção",
    "kpiFromSite": "De {n} local",
    "kpiFromSites": "De {n} locais",
    "kpiHighOrVery": "Alto ou Muito alto",
    "kpiHighest": "Categoria mais alta em {name}",
    "kpiNoReports": "Ainda sem relatos",
    "kpiNoSites": "Sem locais",
    "kpiReports": "Relatos de cidadãos",
    "kpiStatus": "Estado da região",
    "kpiTop": "Local de maior risco",
    "listSub": "Ordenada pela pontuação do local, da mais alta para a mais baixa.",
    "listTitle": "Lista de prioridade de amostragem",
    "mapBasemap": "Mapa base",
    "mapCommunity": "Relato da comunidade",
    "mapCommunityToggle": "Relatos da comunidade ({n})",
    "mapLeading": "Via dominante: ",
    "mapMarkerTitle": "{name}, risco {score}, {category}",
    "mapPinTitle": "Relato da comunidade em {name}",
    "mapStyleMap": "Mapa",
    "mapStyleSatellite": "Satélite",
    "mapViewAnalysis": "Ver análise",
    "mapViewSite": "Ver local",
    "officialLabel": "Cota do Lake Mead: ",
    "officialSource": "Fonte: U.S. Bureau of Reclamation, Lower Colorado River Operations. Consultado em {date}.",
    "officialTag": "Dados oficiais",
    "reportsSr": "Relatos: ",
    "subtitle": "As pontuações combinam sinais de satélite, dados ambientais e relatos da margem.",
    "title": "Onde amostrar primeiro em {name}",
  },
}
`;

exports[`locale snapshot (en, pt, es) > FACTOR_LABEL 1`] = `
{
  "en": {
    "air_temperature": "Air temperature",
    "calm_wind": "Calm wind",
    "chlorophyll": "Chlorophyll",
    "citizen_evidence": "Citizen evidence",
    "contamination": "Contamination",
    "ecosystem_health_deficit": "Ecosystem health deficit",
    "lab_pathogen_risk": "Lab pathogen reading",
    "low_water": "Low water",
    "recreation_exposure": "Recreation exposure",
    "runoff": "Runoff",
    "seasonality": "Bloom season",
    "water_temperature": "Water temperature",
  },
  "es": {
    "air_temperature": "Temperatura del aire",
    "calm_wind": "Viento en calma",
    "chlorophyll": "Clorofila",
    "citizen_evidence": "Evidencia ciudadana",
    "contamination": "Contaminación",
    "ecosystem_health_deficit": "Déficit de salud del ecosistema",
    "lab_pathogen_risk": "Lectura de patógenos en laboratorio",
    "low_water": "Nivel bajo del agua",
    "recreation_exposure": "Exposición recreativa",
    "runoff": "Escorrentía",
    "seasonality": "Temporada de floraciones",
    "water_temperature": "Temperatura del agua",
  },
  "pt": {
    "air_temperature": "Temperatura do ar",
    "calm_wind": "Vento fraco",
    "chlorophyll": "Clorofila",
    "citizen_evidence": "Evidência de cidadãos",
    "contamination": "Contaminação",
    "ecosystem_health_deficit": "Défice de saúde do ecossistema",
    "lab_pathogen_risk": "Leitura laboratorial de agentes patogénicos",
    "low_water": "Nível de água baixo",
    "recreation_exposure": "Exposição recreativa",
    "runoff": "Escorrência",
    "seasonality": "Época de floração",
    "water_temperature": "Temperatura da água",
  },
}
`;

exports[`locale snapshot (en, pt, es) > GUIDE 1`] = `
{
  "en": {
    "bloomHeading": "Looks like a bloom",
    "crust": "Green crust along the shore",
    "duckweed": "Duckweed: tiny separate leaves",
    "lookalikeHeading": "Often mistaken for one",
    "macro": "Filamentous macro-algae",
    "note": "Guide based on Illinois EPA, Identifying Cyanobacteria Blooms. Drawings, not photos.",
    "paint": "Spilled green paint",
    "scum": "Puffy green scum",
    "strands": "Long strands of green algae",
    "swirls": "Swirls under the surface",
    "title": "Is it a bloom?",
  },
  "es": {
    "bloomHeading": "Parece una floración",
    "crust": "Costra verde a lo largo de la orilla",
    "duckweed": "Lenteja de agua: hojas diminutas y sueltas",
    "lookalikeHeading": "Se confunde a menudo con una",
    "macro": "Macroalgas filamentosas",
    "note": "Guía basada en Illinois EPA, Identifying Cyanobacteria Blooms. Dibujos, no fotos.",
    "paint": "Pintura verde derramada",
    "scum": "Espuma verde esponjosa",
    "strands": "Hebras largas de algas verdes",
    "swirls": "Remolinos bajo la superficie",
    "title": "¿Es una floración?",
  },
  "pt": {
    "bloomHeading": "Parece uma floração",
    "crust": "Crosta verde ao longo da margem",
    "duckweed": "Lentilha-de-água: folhas pequenas e separadas",
    "lookalikeHeading": "Muitas vezes confundido com uma",
    "macro": "Macroalgas filamentosas",
    "note": "Guia baseado em Illinois EPA, Identifying Cyanobacteria Blooms. Desenhos, não fotografias.",
    "paint": "Tinta verde derramada",
    "scum": "Espuma verde fofa",
    "strands": "Fios longos de algas verdes",
    "swirls": "Remoinhos sob a superfície",
    "title": "É uma floração?",
  },
}
`;

exports[`locale snapshot (en, pt, es) > NEXT_STEP 1`] = `
{
  "en": {
    "received": "Next: Ranger reviewing",
    "reviewing": "Next: field sample or outcome",
    "sample-requested": "Next: outcome",
  },
  "es": {
    "received": "Siguiente: guardabosques revisando",
    "reviewing": "Siguiente: muestra de campo o resultado",
    "sample-requested": "Siguiente: resultado",
  },
  "pt": {
    "received": "Seguinte: guarda a analisar",
    "reviewing": "Seguinte: amostra de campo ou resultado",
    "sample-requested": "Seguinte: resultado",
  },
}
`;

exports[`locale snapshot (en, pt, es) > PATHWAY_LABEL 1`] = `
{
  "en": {
    "algal_bloom": "Algal bloom",
    "ecosystem_stress": "Ecosystem stress",
    "heat_low_water": "Heat and low water",
    "waterborne_pathogen": "Waterborne pathogen",
    "waterborne_pathogen_oah": "Waterborne pathogen",
  },
  "es": {
    "algal_bloom": "Floración de algas",
    "ecosystem_stress": "Estrés del ecosistema",
    "heat_low_water": "Calor y nivel bajo del agua",
    "waterborne_pathogen": "Patógenos en el agua",
    "waterborne_pathogen_oah": "Patógenos en el agua",
  },
  "pt": {
    "algal_bloom": "Floração de algas",
    "ecosystem_stress": "Stress do ecossistema",
    "heat_low_water": "Calor e nível de água baixo",
    "waterborne_pathogen": "Agentes patogénicos na água",
    "waterborne_pathogen_oah": "Agentes patogénicos na água",
  },
}
`;

exports[`locale snapshot (en, pt, es) > PHRASE 1`] = `
{
  "en": {
    "air_temperature": "high air temperature",
    "calm_wind": "calm wind",
    "chlorophyll": "a strong chlorophyll signal",
    "citizen_evidence": "citizen observations",
    "contamination": "a high contamination level",
    "ecosystem_health_deficit": "a weak ecosystem health score",
    "lab_pathogen_risk": "a high lab pathogen reading",
    "low_water": "low water levels",
    "recreation_exposure": "high recreation exposure",
    "runoff": "heavy runoff",
    "seasonality": "bloom season timing",
    "water_temperature": "warm water temperature",
  },
  "es": {
    "air_temperature": "temperatura del aire alta",
    "calm_wind": "viento en calma",
    "chlorophyll": "una señal fuerte de clorofila",
    "citizen_evidence": "observaciones ciudadanas",
    "contamination": "un nivel alto de contaminación",
    "ecosystem_health_deficit": "una puntuación baja de salud del ecosistema",
    "lab_pathogen_risk": "una lectura alta de patógenos en laboratorio",
    "low_water": "nivel bajo del agua",
    "recreation_exposure": "alta exposición recreativa",
    "runoff": "escorrentía intensa",
    "seasonality": "la temporada de floraciones",
    "water_temperature": "agua cálida",
  },
  "pt": {
    "air_temperature": "temperatura do ar elevada",
    "calm_wind": "vento fraco",
    "chlorophyll": "um sinal forte de clorofila",
    "citizen_evidence": "observações de cidadãos",
    "contamination": "um nível de contaminação elevado",
    "ecosystem_health_deficit": "um índice de saúde do ecossistema fraco",
    "lab_pathogen_risk": "uma leitura laboratorial elevada de agentes patogénicos",
    "low_water": "nível de água baixo",
    "recreation_exposure": "elevada exposição recreativa",
    "runoff": "escorrência intensa",
    "seasonality": "época de floração",
    "water_temperature": "água quente",
  },
}
`;

exports[`locale snapshot (en, pt, es) > RECOMMEND 1`] = `
{
  "en": {
    "High": "Prioritize follow-up observation",
    "Low": "Routine observation",
    "Moderate": "Continue monitoring",
    "Very High": "Recommend field sampling",
  },
  "es": {
    "High": "Priorizar la observación de seguimiento",
    "Low": "Observación de rutina",
    "Moderate": "Seguir vigilando",
    "Very High": "Se recomienda muestreo en campo",
  },
  "pt": {
    "High": "Dar prioridade à observação de seguimento",
    "Low": "Observação de rotina",
    "Moderate": "Continuar a monitorizar",
    "Very High": "Recomenda-se amostragem no terreno",
  },
}
`;

exports[`locale snapshot (en, pt, es) > REPORT 1`] = `
{
  "en": {
    "addPhoto": "Add a photo",
    "animalsPresent": "Animals present: {answer}",
    "another": "File another report",
    "anythingElse": "Anything else? (optional)",
    "back": "Back",
    "changePhoto": "Change photo",
    "chooseSiteSummary": "Choose a site to see its current risk score.",
    "edit": "Edit",
    "evidenceLine": "Citizen evidence {before} to {after}. Your report added {points} points to this score.",
    "field:algae": "Filamentous algae",
    "field:diptera": "Diptera",
    "field:foam": "Foam",
    "field:hydrology": "Hydrology",
    "field:riparian": "Riparian vegetation",
    "field:ticks": "Ticks",
    "field:wildlife": "Wildlife",
    "guide:Looks like a bloom": "Looks like a bloom",
    "guide:Looks like a look-alike": "Looks like a look-alike",
    "guide:Not sure": "Not sure",
    "guideMatch": "Guide match",
    "guideQuestion": "Which matches what you see?",
    "inQueue": "Your report is in the ranger queue.",
    "intro": "Agencies sample a few points a few times a month. You see the water today. Your report raises this site's citizen evidence and can move it up the Sampling priority list.",
    "leadingPathway": "Leading pathway: {pathway}",
    "locUnavailable": "Location unavailable. Pick a site below.",
    "moreQuestions": "More questions (optional)",
    "nearest": "Nearest site: {name}",
    "next": "Next",
    "no": "no",
    "noAnswers": "No answers added.",
    "noPhoto": "No photo",
    "o:amphibians": "amphibians",
    "o:birds": "birds",
    "o:colour": "colour",
    "o:dry bed": "dry bed",
    "o:few": "few",
    "o:fish": "fish",
    "o:flowing": "flowing",
    "o:foam": "foam",
    "o:lots": "lots",
    "o:many": "many",
    "o:no": "no",
    "o:none": "none",
    "o:normal": "normal",
    "o:oil-sheen": "oil-sheen",
    "o:sewage-smell": "sewage-smell",
    "o:slow": "slow",
    "o:some": "some",
    "o:stagnant pools": "stagnant pools",
    "o:yes": "yes",
    "optional": "Optional",
    "optionalNote": "Every question is optional. Skip what you are not sure about.",
    "photoAdded": "Photo added",
    "photoPreviewAlt": "Selected photo preview",
    "photoStays": "Photo stays on your device",
    "pickMany": "Pick all that apply",
    "pickOne": "Pick one",
    "q:algae": "Do you see green slime or stringy algae in the water?",
    "q:diptera": "Do you see mosquito larvae or swarms of small flies?",
    "q:foam": "Does the water look or smell unusual?",
    "q:hydrology": "How is the water moving?",
    "q:riparian": "How much of the bank is covered by plants?",
    "q:ticks": "Did you find ticks in the grass near the stream?",
    "q:wildlife": "Which animals did you see?",
    "rangerNext": "A ranger reviews it next. Check My reports to see what they found.",
    "received": "Report received. Your observation has been added to the community monitoring layer.",
    "reportCode": "Report {code}",
    "reviewPhotoAnswers": "Photo and answers",
    "seeDashboard": "See it on the dashboard",
    "site": "Site",
    "siteError": "Choose the place you are reporting from.",
    "siteRiskScore": "{site} risk score",
    "source": "Questions from the OneAquaHealth citizen-science stream survey, via a public copy not yet checked against the official OAH app.",
    "step1": "Where are you?",
    "step2": "What do you see?",
    "step3": "Check and send",
    "stepOf": "Step {n} of 3",
    "submit": "Submit report",
    "title": "Report a Bloom",
    "trackIt": "Track it in My reports",
    "useLocation": "Use my location",
    "viewSite": "View updated site",
    "warning": "A citizen report does not confirm a harmful algal bloom. Laboratory or agency testing is required for confirmation.",
    "waterAnimals": "Water and animals",
    "whyBody": "Agencies sample a lake at a few points and a few times a month. Reports from people at the shore fill the gaps between those samples. Several reports at one site are a reason to look there sooner.",
    "whyTitle": "Why citizen observations matter",
    "yes": "yes",
  },
  "es": {
    "addPhoto": "Añadir una foto",
    "animalsPresent": "Hay animales presentes: {answer}",
    "another": "Enviar otro aviso",
    "anythingElse": "¿Algo más? (opcional)",
    "back": "Atrás",
    "changePhoto": "Cambiar foto",
    "chooseSiteSummary": "Elige un sitio para ver su riesgo actual.",
    "edit": "Editar",
    "evidenceLine": "Evidencia ciudadana de {before} a {after}. Tu aviso sumó {points} puntos a esta puntuación.",
    "field:algae": "Algas filamentosas",
    "field:diptera": "Dípteros",
    "field:foam": "Espuma",
    "field:hydrology": "Hidrología",
    "field:riparian": "Vegetación de ribera",
    "field:ticks": "Garrapatas",
    "field:wildlife": "Fauna",
    "guide:Looks like a bloom": "Parece una floración",
    "guide:Looks like a look-alike": "Parece una similar",
    "guide:Not sure": "No estoy seguro",
    "guideMatch": "Coincidencia con la guía",
    "guideQuestion": "¿Cuál coincide con lo que ves?",
    "inQueue": "Tu aviso está en la cola del guardabosques.",
    "intro": "Los organismos toman muestras en pocos puntos, unas pocas veces al mes. Tú ves el agua hoy. Tu aviso refuerza la evidencia ciudadana de este sitio y puede subirlo en la lista de prioridad de muestreo.",
    "leadingPathway": "Vía dominante: {pathway}",
    "locUnavailable": "Ubicación no disponible. Elige un sitio abajo.",
    "moreQuestions": "Más preguntas (opcional)",
    "nearest": "Sitio más cercano: {name}",
    "next": "Siguiente",
    "no": "no",
    "noAnswers": "Sin respuestas.",
    "noPhoto": "Sin foto",
    "o:amphibians": "anfibios",
    "o:birds": "aves",
    "o:colour": "color",
    "o:dry bed": "cauce seco",
    "o:few": "pocos",
    "o:fish": "peces",
    "o:flowing": "corriendo",
    "o:foam": "espuma",
    "o:lots": "mucho",
    "o:many": "muchos",
    "o:no": "no",
    "o:none": "ninguno",
    "o:normal": "normal",
    "o:oil-sheen": "película de aceite",
    "o:sewage-smell": "olor a aguas residuales",
    "o:slow": "lento",
    "o:some": "algo",
    "o:stagnant pools": "charcos estancados",
    "o:yes": "sí",
    "optional": "Opcional",
    "optionalNote": "Todas las preguntas son opcionales. Salta las que no tengas claras.",
    "photoAdded": "Foto añadida",
    "photoPreviewAlt": "Vista previa de la foto elegida",
    "photoStays": "La foto se queda en tu dispositivo",
    "pickMany": "Elige todas las que correspondan",
    "pickOne": "Elige una opción",
    "q:algae": "¿Ves verdín o algas en hebras en el agua?",
    "q:diptera": "¿Ves larvas de mosquito o nubes de moscas pequeñas?",
    "q:foam": "¿El agua tiene un aspecto u olor raro?",
    "q:hydrology": "¿Cómo se mueve el agua?",
    "q:riparian": "¿Qué parte de la orilla está cubierta de plantas?",
    "q:ticks": "¿Encontraste garrapatas en la hierba junto al arroyo?",
    "q:wildlife": "¿Qué animales viste?",
    "rangerNext": "Un guardabosques lo revisa a continuación. Mira Mis avisos para ver qué encontró.",
    "received": "Aviso recibido. Tu observación se ha añadido a la capa de seguimiento ciudadano.",
    "reportCode": "Aviso {code}",
    "reviewPhotoAnswers": "Foto y respuestas",
    "seeDashboard": "Verlo en el panel",
    "site": "Sitio",
    "siteError": "Elige el lugar desde el que avisas.",
    "siteRiskScore": "Puntuación de riesgo de {site}",
    "source": "Preguntas de la encuesta de ciencia ciudadana de arroyos de OneAquaHealth, a través de una copia pública aún no contrastada con la aplicación oficial de OAH.",
    "step1": "¿Dónde estás?",
    "step2": "¿Qué ves?",
    "step3": "Revisa y envía",
    "stepOf": "Paso {n} de 3",
    "submit": "Enviar aviso",
    "title": "Avisar de floración",
    "trackIt": "Seguirlo en Mis avisos",
    "useLocation": "Usar mi ubicación",
    "viewSite": "Ver sitio actualizado",
    "warning": "Un aviso ciudadano no confirma una floración de algas nociva. La confirmación exige análisis de laboratorio o de un organismo oficial.",
    "waterAnimals": "Agua y animales",
    "whyBody": "Los organismos toman muestras en un lago en pocos puntos y unas pocas veces al mes. Los avisos de quienes están en la orilla llenan los huecos entre esas muestras. Varios avisos en un mismo sitio son un motivo para mirarlo antes.",
    "whyTitle": "Por qué importan las observaciones ciudadanas",
    "yes": "sí",
  },
  "pt": {
    "addPhoto": "Adicionar fotografia",
    "animalsPresent": "Há animais presentes: {answer}",
    "another": "Fazer outro relato",
    "anythingElse": "Mais alguma coisa? (opcional)",
    "back": "Voltar",
    "changePhoto": "Mudar fotografia",
    "chooseSiteSummary": "Escolha um local para ver o respetivo risco atual.",
    "edit": "Editar",
    "evidenceLine": "Evidência da comunidade de {before} para {after}. O seu relato acrescentou {points} pontos a esta pontuação.",
    "field:algae": "Algas filamentosas",
    "field:diptera": "Dípteros",
    "field:foam": "Espuma",
    "field:hydrology": "Hidrologia",
    "field:riparian": "Vegetação ribeirinha",
    "field:ticks": "Carraças",
    "field:wildlife": "Fauna",
    "guide:Looks like a bloom": "Parece uma floração",
    "guide:Looks like a look-alike": "Parece uma semelhante",
    "guide:Not sure": "Não tenho a certeza",
    "guideMatch": "Correspondência no guia",
    "guideQuestion": "Qual corresponde ao que vê?",
    "inQueue": "O seu relato está na fila do guarda.",
    "intro": "As entidades recolhem amostras em poucos pontos, algumas vezes por mês. Você vê a água hoje. O seu relato reforça a evidência da comunidade neste local e pode subi-lo na lista de prioridade de amostragem.",
    "leadingPathway": "Via dominante: {pathway}",
    "locUnavailable": "Localização indisponível. Escolha um local abaixo.",
    "moreQuestions": "Mais perguntas (opcional)",
    "nearest": "Local mais próximo: {name}",
    "next": "Seguinte",
    "no": "não",
    "noAnswers": "Sem respostas.",
    "noPhoto": "Sem fotografia",
    "o:amphibians": "anfíbios",
    "o:birds": "aves",
    "o:colour": "cor",
    "o:dry bed": "leito seco",
    "o:few": "poucos",
    "o:fish": "peixes",
    "o:flowing": "a correr",
    "o:foam": "espuma",
    "o:lots": "muito",
    "o:many": "muitos",
    "o:no": "não",
    "o:none": "nenhum",
    "o:normal": "normal",
    "o:oil-sheen": "película de óleo",
    "o:sewage-smell": "cheiro a esgoto",
    "o:slow": "lenta",
    "o:some": "algum",
    "o:stagnant pools": "poças paradas",
    "o:yes": "sim",
    "optional": "Opcional",
    "optionalNote": "Todas as perguntas são opcionais. Salte as que não souber.",
    "photoAdded": "Fotografia adicionada",
    "photoPreviewAlt": "Pré-visualização da fotografia escolhida",
    "photoStays": "A fotografia fica no seu dispositivo",
    "pickMany": "Escolha todas as que se aplicam",
    "pickOne": "Escolha uma opção",
    "q:algae": "Vê limo verde ou algas em fios na água?",
    "q:diptera": "Vê larvas de mosquito ou nuvens de moscas pequenas?",
    "q:foam": "A água tem um aspeto ou cheiro invulgar?",
    "q:hydrology": "Como se move a água?",
    "q:riparian": "Que parte da margem está coberta por plantas?",
    "q:ticks": "Encontrou carraças na erva junto ao curso de água?",
    "q:wildlife": "Que animais viu?",
    "rangerNext": "Um guarda analisa-o a seguir. Consulte Os meus relatos para ver o que encontrou.",
    "received": "Relato recebido. A sua observação foi acrescentada à camada de monitorização da comunidade.",
    "reportCode": "Relato {code}",
    "reviewPhotoAnswers": "Fotografia e respostas",
    "seeDashboard": "Ver no painel",
    "site": "Local",
    "siteError": "Escolha o local de onde está a relatar.",
    "siteRiskScore": "Pontuação de risco de {site}",
    "source": "Perguntas do inquérito de ciência cidadã de cursos de água do OneAquaHealth, através de uma cópia pública ainda não confrontada com a aplicação oficial da OAH.",
    "step1": "Onde está?",
    "step2": "O que vê?",
    "step3": "Verifique e envie",
    "stepOf": "Passo {n} de 3",
    "submit": "Enviar relato",
    "title": "Relatar floração",
    "trackIt": "Acompanhar em Os meus relatos",
    "useLocation": "Usar a minha localização",
    "viewSite": "Ver local atualizado",
    "warning": "Um relato da comunidade não confirma uma floração de algas nociva. A confirmação exige análises laboratoriais ou de uma entidade oficial.",
    "waterAnimals": "Água e animais",
    "whyBody": "As entidades recolhem amostras num lago em poucos pontos e algumas vezes por mês. Os relatos de quem está na margem preenchem as lacunas entre essas amostras. Vários relatos no mesmo local são um motivo para o analisar mais cedo.",
    "whyTitle": "Porque importam as observações da comunidade",
    "yes": "sim",
  },
}
`;

exports[`locale snapshot (en, pt, es) > REPORT_MISC 1`] = `
{
  "en": {
    "animalsPresent": "Animals present",
    "history": "Report history",
    "noDetails": "No details given",
  },
  "es": {
    "animalsPresent": "Hay animales presentes",
    "history": "Historial del aviso",
    "noDetails": "Sin detalles",
  },
  "pt": {
    "animalsPresent": "Há animais presentes",
    "history": "Histórico do relato",
    "noDetails": "Sem detalhes",
  },
}
`;

exports[`locale snapshot (en, pt, es) > RISK_WORD 1`] = `
{
  "en": {
    "High": "High",
    "Low": "Low",
    "Moderate": "Moderate",
    "Very High": "Very High",
  },
  "es": {
    "High": "Alto",
    "Low": "Bajo",
    "Moderate": "Moderado",
    "Very High": "Muy alto",
  },
  "pt": {
    "High": "Alto",
    "Low": "Baixo",
    "Moderate": "Moderado",
    "Very High": "Muito alto",
  },
}
`;

exports[`locale snapshot (en, pt, es) > SITE_DETAIL 1`] = `
{
  "en": {
    "addObservation": "Add an observation at {site}",
    "advisory": "Official advisory: none issued",
    "animalHealth": "Animal health",
    "animalHealthText": "Pets and wildlife drink from and wade in shallow water, which raises their exposure.",
    "backToDashboard": "Back to the dashboard",
    "chartLabel": "Seven-day site score history, {from} to {to}, currently {category}",
    "communityH": "Community observations",
    "dashboard": "Dashboard",
    "demoData": "Demonstration data",
    "disclaimer": "Verdant identifies conditions associated with increased bloom risk. It does not confirm toxin presence or replace field sampling.",
    "environment": "Environment",
    "environmentText": "Ecological stress, nutrient and runoff inputs, water and air temperature, and lake hydrology all feed the score.",
    "evidence": "Citizen evidence: {value}/100, adds {points} points to the {pathway} score.",
    "evidenceLabel": "Citizen evidence",
    "exportFhir": "Export FHIR JSON",
    "firstTarget": "Recommended first sampling target",
    "guidanceGeneric": "Where water looks green, scummy or discolored, a cautious choice is to stay out, keep pets away, and follow notices from the local authority.",
    "guidanceMead": "The National Park Service reports that harmful blue-green algae blooms occur at Lake Mead, most often from August through December. Exposure can cause nausea, vomiting and breathing problems, and dogs and other animals can become seriously ill or die. Where water looks green, scummy or discolored, a cautious choice is to stay out, keep pets away, and follow posted park notices.",
    "guidanceNote": "This guidance is general. A high score is a reason to sample the water, not a finding that it is unsafe.",
    "humanHealth": "Human health",
    "humanHealthText": "Recreational exposure: swimming, boating and shoreline use bring people into contact with the water.",
    "last7": "Last 7 days",
    "leading": "(leading)",
    "meterLabel": "Risk meter: {score} out of 100, {category}",
    "noData": "No data: {list}",
    "noEvidence": "No citizen evidence in this score yet.",
    "noReports": "No community reports for this site yet.",
    "notFound": "Site not found",
    "notFoundBody": "There is no site called "{id}" in the current region.",
    "oneHealth": "One Health",
    "partial": "Partial data: {pct}% of factors",
    "pathwayScores": "Pathway scores",
    "prototypeData": "Prototype data",
    "pts": "pts",
    "recommendation": "Verdant recommendation",
    "scoreByDay": "Site score by day",
    "updated": "{kind}, updated {date}",
    "visitorGuidance": "Visitor guidance",
    "whyElevated": "Why is risk elevated?",
  },
  "es": {
    "addObservation": "Añadir una observación en {site}",
    "advisory": "Aviso oficial: ninguno emitido",
    "animalHealth": "Salud animal",
    "animalHealthText": "Las mascotas y la fauna beben y se meten en aguas poco profundas, lo que aumenta su exposición.",
    "backToDashboard": "Volver al panel",
    "chartLabel": "Historial de siete días de la puntuación del sitio, de {from} a {to}, actualmente {category}",
    "communityH": "Observaciones de la comunidad",
    "dashboard": "Panel",
    "demoData": "Datos de demostración",
    "disclaimer": "Verdant identifica condiciones asociadas a un mayor riesgo de floración. No confirma la presencia de toxinas ni sustituye el muestreo de campo.",
    "environment": "Medio ambiente",
    "environmentText": "El estrés ecológico, los aportes de nutrientes y escorrentía, la temperatura del agua y del aire y la hidrología del lago alimentan la puntuación.",
    "evidence": "Evidencia ciudadana: {value}/100, suma {points} puntos a la puntuación de {pathway}.",
    "evidenceLabel": "Evidencia ciudadana",
    "exportFhir": "Exportar FHIR JSON",
    "firstTarget": "Primer sitio de muestreo recomendado",
    "guidanceGeneric": "Si el agua se ve verde, con espuma o descolorida, lo prudente es no entrar, mantener alejadas a las mascotas y seguir los avisos de la autoridad local.",
    "guidanceMead": "El National Park Service informa de que en el Lake Mead se producen floraciones nocivas de algas verdeazuladas, sobre todo de agosto a diciembre. La exposición puede causar náuseas, vómitos y problemas respiratorios, y los perros y otros animales pueden enfermar gravemente o morir. Si el agua se ve verde, con espuma o descolorida, lo prudente es no entrar, mantener alejadas a las mascotas y seguir los avisos del parque.",
    "guidanceNote": "Esta guía es general. Una puntuación alta es un motivo para tomar muestras del agua, no la conclusión de que sea insegura.",
    "humanHealth": "Salud humana",
    "humanHealthText": "Exposición recreativa: nadar, navegar y usar la orilla ponen a las personas en contacto con el agua.",
    "last7": "Últimos 7 días",
    "leading": "(dominante)",
    "meterLabel": "Medidor de riesgo: {score} de 100, {category}",
    "noData": "Sin datos: {list}",
    "noEvidence": "Aún no hay evidencia ciudadana en esta puntuación.",
    "noReports": "Aún no hay avisos de la comunidad para este sitio.",
    "notFound": "Sitio no encontrado",
    "notFoundBody": "No hay ningún sitio llamado "{id}" en la región actual.",
    "oneHealth": "Una Sola Salud",
    "partial": "Datos parciales: {pct}% de los factores",
    "pathwayScores": "Puntuación por vía",
    "prototypeData": "Datos de prototipo",
    "pts": "pts",
    "recommendation": "Recomendación de Verdant",
    "scoreByDay": "Puntuación del sitio por día",
    "updated": "{kind}, actualizado el {date}",
    "visitorGuidance": "Guía para visitantes",
    "whyElevated": "¿Por qué es elevado el riesgo?",
  },
  "pt": {
    "addObservation": "Adicionar uma observação em {site}",
    "advisory": "Aviso oficial: nenhum emitido",
    "animalHealth": "Saúde animal",
    "animalHealthText": "Animais de estimação e fauna selvagem bebem e entram em águas pouco profundas, o que aumenta a sua exposição.",
    "backToDashboard": "Voltar ao painel",
    "chartLabel": "Histórico de sete dias da pontuação do local, de {from} a {to}, atualmente {category}",
    "communityH": "Observações da comunidade",
    "dashboard": "Painel",
    "demoData": "Dados de demonstração",
    "disclaimer": "O Verdant identifica condições associadas a um maior risco de floração. Não confirma a presença de toxinas nem substitui a amostragem de campo.",
    "environment": "Ambiente",
    "environmentText": "O stress ecológico, os nutrientes e a escorrência, a temperatura da água e do ar e a hidrologia do lago contribuem todos para a pontuação.",
    "evidence": "Evidência de cidadãos: {value}/100, acrescenta {points} pontos à pontuação de {pathway}.",
    "evidenceLabel": "Evidência de cidadãos",
    "exportFhir": "Exportar FHIR JSON",
    "firstTarget": "Primeiro local de amostragem recomendado",
    "guidanceGeneric": "Quando a água parece verde, com espuma ou descolorada, uma escolha prudente é não entrar, manter os animais afastados e seguir os avisos da autoridade local.",
    "guidanceMead": "O National Park Service informa que ocorrem florações nocivas de cianobactérias no Lake Mead, mais frequentemente de agosto a dezembro. A exposição pode causar náuseas, vómitos e problemas respiratórios, e cães e outros animais podem ficar gravemente doentes ou morrer. Quando a água parece verde, com espuma ou descolorada, uma escolha prudente é não entrar, manter os animais afastados e seguir os avisos afixados no parque.",
    "guidanceNote": "Estas orientações são gerais. Uma pontuação alta é um motivo para recolher amostras da água, não a conclusão de que é insegura.",
    "humanHealth": "Saúde humana",
    "humanHealthText": "Exposição recreativa: nadar, andar de barco e usar a margem põem as pessoas em contacto com a água.",
    "last7": "Últimos 7 dias",
    "leading": "(dominante)",
    "meterLabel": "Indicador de risco: {score} em 100, {category}",
    "noData": "Sem dados: {list}",
    "noEvidence": "Ainda não há evidência de cidadãos nesta pontuação.",
    "noReports": "Ainda não há relatos da comunidade para este local.",
    "notFound": "Local não encontrado",
    "notFoundBody": "Não existe nenhum local chamado "{id}" na região atual.",
    "oneHealth": "Saúde Única",
    "partial": "Dados parciais: {pct}% dos fatores",
    "pathwayScores": "Pontuação por via",
    "prototypeData": "Dados de protótipo",
    "pts": "pts",
    "recommendation": "Recomendação do Verdant",
    "scoreByDay": "Pontuação do local por dia",
    "updated": "{kind}, atualizado em {date}",
    "visitorGuidance": "Orientações para visitantes",
    "whyElevated": "Porque é que o risco está elevado?",
  },
}
`;

exports[`locale snapshot (en, pt, es) > STATUS 1`] = `
{
  "en": {
    "confirmed": "Confirmed by field sample",
    "more-info": "Needs more info",
    "not-bloom": "Not a bloom",
    "received": "Received",
    "reviewing": "Ranger reviewing",
    "sample-requested": "Field sample requested",
  },
  "es": {
    "confirmed": "Confirmado por muestra de campo",
    "more-info": "Falta información",
    "not-bloom": "No es floración",
    "received": "Recibido",
    "reviewing": "Guardabosques revisando",
    "sample-requested": "Muestra de campo solicitada",
  },
  "pt": {
    "confirmed": "Confirmado por amostra de campo",
    "more-info": "Faltam informações",
    "not-bloom": "Não é floração",
    "received": "Recebido",
    "reviewing": "Guarda a analisar",
    "sample-requested": "Amostra de campo pedida",
  },
}
`;

exports[`locale snapshot (en, pt, es) > TAG 1`] = `
{
  "en": {
    "prototype": "Demo report",
    "synthetic-demo": "Demo report",
    "user-submitted": "Submitted in this session",
  },
  "es": {
    "prototype": "Aviso de demostración",
    "synthetic-demo": "Aviso de demostración",
    "user-submitted": "Enviado en esta sesión",
  },
  "pt": {
    "prototype": "Relato de demonstração",
    "synthetic-demo": "Relato de demonstração",
    "user-submitted": "Enviado nesta sessão",
  },
}
`;

exports[`locale snapshot (en, pt, es) > TREND 1`] = `
{
  "en": {
    "Decreasing": "Decreasing",
    "Increasing": "Increasing",
    "Stable": "Stable",
  },
  "es": {
    "Decreasing": "A la baja",
    "Increasing": "Al alza",
    "Stable": "Estable",
  },
  "pt": {
    "Decreasing": "A descer",
    "Increasing": "A subir",
    "Stable": "Estável",
  },
}
`;

exports[`locale snapshot (en, pt, es) > explain() 1`] = `
{
  "en": "Risk is elevated mainly by algal bloom conditions: a strong chlorophyll signal and warm water temperature.",
  "es": "El riesgo es elevado sobre todo por condiciones de floración de algas: una señal fuerte de clorofila y agua cálida.",
  "pt": "O risco está elevado sobretudo devido a condições de floração de algas: um sinal forte de clorofila e água quente.",
}
`;
